In file included from ../utils/myBifrost/bifrost/src/CompactedDBG.hpp:24,
                 from ../utils/myBifrost/myData.cpp:6,
                 from ../utils/myBifrost/my_bifrost.cpp:2,
                 from bmt_h1_b.cpp:4:
../utils/myBifrost/bifrost/src/BlockedBloomFilter.hpp:27:7: warning: ‘BlockedBloomFilter’ has a field ‘{anonymous}::libdivide::divider<long unsigned int> BlockedBloomFilter::fast_div_’ whose type uses the anonymous namespace [-Wsubobject-linkage]
   27 | class BlockedBloomFilter {
      |       ^~~~~~~~~~~~~~~~~~
In file included from ../utils/myBifrost/bifrost/src/BitContainer.hpp:5,
                 from ../utils/myBifrost/bifrost/src/KmerCovIndex.hpp:7,
                 from ../utils/myBifrost/bifrost/src/CompactedDBG.hpp:30:
../utils/myBifrost/bifrost/src/TinyBitmap.hpp:28:44: warning: ‘template<class _Category, class _Tp, class _Distance, class _Pointer, class _Reference> struct std::iterator’ is deprecated [-Wdeprecated-declarations]
   28 |     class TinyBitmapIterator : public std::iterator<std::input_iterator_tag, uint32_t> {
      |                                            ^~~~~~~~
In file included from /usr/include/c++/13/bits/stl_iterator_base_funcs.h:66,
                 from /usr/include/c++/13/string:47,
                 from /usr/include/c++/13/bits/locale_classes.h:40,
                 from /usr/include/c++/13/bits/ios_base.h:41,
                 from /usr/include/c++/13/ios:44,
                 from /usr/include/c++/13/istream:40,
                 from /usr/include/c++/13/fstream:40,
                 from bmt_h1_b.cpp:1:
/usr/include/c++/13/bits/stl_iterator_base_types.h:127:34: note: declared here
  127 |     struct _GLIBCXX17_DEPRECATED iterator
      |                                  ^~~~~~~~
../utils/myBifrost/bifrost/src/BitContainer.hpp:18:57: warning: ‘template<class _Category, class _Tp, class _Distance, class _Pointer, class _Reference> struct std::iterator’ is deprecated [-Wdeprecated-declarations]
   18 |         class BitContainer_const_iterator : public std::iterator<std::forward_iterator_tag, uint32_t> {
      |                                                         ^~~~~~~~
/usr/include/c++/13/bits/stl_iterator_base_types.h:127:34: note: declared here
  127 |     struct _GLIBCXX17_DEPRECATED iterator
      |                                  ^~~~~~~~
In file included from ../utils/myBifrost/bifrost/src/CompactedDBG.hpp:31:
../utils/myBifrost/bifrost/src/KmerHashTable.hpp:20:35: warning: ‘template<class _Category, class _Tp, class _Distance, class _Pointer, class _Reference> struct std::iterator’ is deprecated [-Wdeprecated-declarations]
   20 |     class iterator_ : public std::iterator<std::forward_iterator_tag, T> {
      |                                   ^~~~~~~~
/usr/include/c++/13/bits/stl_iterator_base_types.h:127:34: note: declared here
  127 |     struct _GLIBCXX17_DEPRECATED iterator
      |                                  ^~~~~~~~
../utils/myBifrost/bifrost/src/KmerHashTable.hpp:420:35: warning: ‘template<class _Category, class _Tp, class _Distance, class _Pointer, class _Reference> struct std::iterator’ is deprecated [-Wdeprecated-declarations]
  420 |     class iterator_ : public std::iterator<std::forward_iterator_tag, T> {
      |                                   ^~~~~~~~
/usr/include/c++/13/bits/stl_iterator_base_types.h:127:34: note: declared here
  127 |     struct _GLIBCXX17_DEPRECATED iterator
      |                                  ^~~~~~~~
In file included from ../utils/myBifrost/bifrost/src/CompactedDBG.hpp:32:
../utils/myBifrost/bifrost/src/KmerIterator.hpp:15:34: warning: ‘template<class _Category, class _Tp, class _Distance, class _Pointer, class _Reference> struct std::iterator’ is deprecated [-Wdeprecated-declarations]
   15 | class KmerIterator : public std::iterator<std::input_iterator_tag, std::pair<Kmer, int>, int> {
      |                                  ^~~~~~~~
/usr/include/c++/13/bits/stl_iterator_base_types.h:127:34: note: declared here
  127 |     struct _GLIBCXX17_DEPRECATED iterator
      |                                  ^~~~~~~~
In file included from ../utils/myBifrost/bifrost/src/CompactedDBG.hpp:36:
../utils/myBifrost/bifrost/src/MinimizerIndex.hpp:16:35: warning: ‘template<class _Category, class _Tp, class _Distance, class _Pointer, class _Reference> struct std::iterator’ is deprecated [-Wdeprecated-declarations]
   16 |     class iterator_ : public std::iterator<std::forward_iterator_tag, packed_tiny_vector> {
      |                                   ^~~~~~~~
/usr/include/c++/13/bits/stl_iterator_base_types.h:127:34: note: declared here
  127 |     struct _GLIBCXX17_DEPRECATED iterator
      |                                  ^~~~~~~~
In file included from ../utils/myBifrost/bifrost/src/UnitigMap.tcc:5,
                 from ../utils/myBifrost/bifrost/src/UnitigMap.hpp:323,
                 from ../utils/myBifrost/bifrost/src/UnitigIterator.hpp:4,
                 from ../utils/myBifrost/bifrost/src/CompactedDBG.hpp:40:
../utils/myBifrost/bifrost/src/NeighborIterator.hpp:34:38: warning: ‘template<class _Category, class _Tp, class _Distance, class _Pointer, class _Reference> struct std::iterator’ is deprecated [-Wdeprecated-declarations]
   34 | class neighborIterator : public std::iterator<std::input_iterator_tag, UnitigMap<Unitig_data_t, Graph_data_t, is_const>, int> {
      |                                      ^~~~~~~~
/usr/include/c++/13/bits/stl_iterator_base_types.h:127:34: note: declared here
  127 |     struct _GLIBCXX17_DEPRECATED iterator
      |                                  ^~~~~~~~
../utils/myBifrost/bifrost/src/UnitigIterator.hpp:36:36: warning: ‘template<class _Category, class _Tp, class _Distance, class _Pointer, class _Reference> struct std::iterator’ is deprecated [-Wdeprecated-declarations]
   36 | class unitigIterator : public std::iterator<std::input_iterator_tag, UnitigMap<Unitig_data_t, Graph_data_t, is_const>, int> {
      |                                    ^~~~~~~~
/usr/include/c++/13/bits/stl_iterator_base_types.h:127:34: note: declared here
  127 |     struct _GLIBCXX17_DEPRECATED iterator
      |                                  ^~~~~~~~
